 Abaqus/Standard 2021                  DATE 24-May-2026 TIME 14:27:19
 SUMMARY OF JOB INFORMATION:
 STEP  INC ATT SEVERE EQUIL TOTAL  TOTAL      STEP       INC OF       DOF    IF
               DISCON ITERS ITERS  TIME/    TIME/LPF    TIME/LPF    MONITOR RIKS
               ITERS               FREQ
   1     1   1U    0     1     1  0.00       0.00       0.005000  
   1     1   2U    0     1     1  0.00       0.00       0.002500  
   1     1   3U    0     1     1  0.00       0.00       0.001250  
   1     1   4U    0     3     3  0.00       0.00       0.0006250 
   1     1   5U    0     4     4  0.00       0.00       0.0003125 
   1     1   6     0     7     7  0.000156   0.000156   0.0001563 
   1     2   1     0     4     4  0.000313   0.000313   0.0001563 
   1     3   1     0     2     2  0.000469   0.000469   0.0001563 
   1     4   1     0     1     1  0.000703   0.000703   0.0002344 
   1     5   1     0     1     1  0.00105    0.00105    0.0003516 
   1     6   1     0     1     1  0.00158    0.00158    0.0005273 
   1     7   1     0     1     1  0.00237    0.00237    0.0007910 
   1     8   1     0     1     1  0.00356    0.00356    0.001187  
   1     9   1     0     1     1  0.00534    0.00534    0.001780  
   1    10   1     0     1     1  0.00801    0.00801    0.002670  
   1    11   1     0     1     1  0.0100     0.0100     0.001991  
                          
 THE ANALYSIS HAS COMPLETED SUCCESSFULLY
