1
0
1
ASSEMBLY
1
PART-1-1
PART-1
1
PART-1-1
16
1 1
2 2
3 3
4 4
5 5
6 6
7 7
8 8
9 9
10 10
11 11
12 12
13 13
14 14
15 15
16 16
1 1
2 2
3 3
4 4
5 5
6 6
7 7
8 8
9 9
10 10
11 11
12 12
13 13
14 14
15 15
16 16
0
1
PART-1-1
3
1 1
2 2
3 3
1 1
2 2
3 3
0
0
1
PART-1-1
4
GRAIN-1
0
1
1
1 
0
0
GRAIN-2
0
1
1
2 
0
0
PHASE-1
0
1
2
1 2 
0
0
UEL
0
1
1
3 
0
0
0
4
X0
0
2
0
1
PART-1-1
4
3 4 6 7 
0
X1
0
2
0
1
PART-1-1
4
9 10 11 12 
0
Y0
0
2
0
1
PART-1-1
8
1 2 3 4 10 11 13 14 
0
Z0
0
2
0
1
PART-1-1
8
1 4 7 8 11 12 13 16 
0
0
0
0
